⑴요약: 특정 과거  커밋으로 이동 (단,이동 후 커밋은 삭제)

⑵기능: 첫 번째와 두 번째 폼에서 항목을 <code>tree-ish에서
             인덱스로 복사하십시오. 세 번째 폼에서 현재 브랜치 헤드
             (<code>HEAD)에서 <code> 커밋으로 설정하고, 선택적으로
             인덱스와 작업 트리를 일치하도록 수정하십시오. 이 폼은
             모든 <code> 경로의 인덱스 항목을 <code>tree-ish에서
             그 상태로 재설정합니다.(작업 트리나 현재 브랜치에 영향을 주지
             않습니다.) 즉, <code>git 재설정 경로가 <code>git add
             경로와 반대되는 것입니다. <code>git reset paths를 실행하여
             인덱스 항목을 업데이트 한 후 <a href="git-restore.html"> git-restore를
             사용하여 인덱스의 내용을 작업 트리로 확인할 수 있습니다. 또는 
             <a href="git-restore.html">을 사용하고, <code>-source로
              커밋을 지정하면, 커밋에서 나오는 경로의 내용을 인덱스와 작업
              트리에 한 번에 복사할 수 있습니다. 인덱스와 <code>tree-ish
              (기본값에서의 <code>HEAD)의 차이에서 포크를 상호작용식으로 선택합니다.
              선택한 헝크는 지수에 역방향으로 적용됩니다. 이는 <code>git reset -p가 
              <code>git add -p의 반대라는 것을 의미합니다. 즉, 헝크를 
              선택적으로 재설정하는 데 사용할 수 있습니다. 이 양식은 현재 
              브랜치 헤드를 <code>commit으로 재설정하고, <code>모드에 
              따라 작업 트리를 업데이트할 가능성이 있습니다.

⑶구현: